    +----------------------------------------------------------------------+
    ¦                 • MobaXterm Personal Edition v23.6 •                 ¦
    ¦               (SSH client, X server and network tools)               ¦
    ¦                                                                      ¦
    ¦ ? Linux distribution: ?Default                                      ¦
    ¦ ? Windows drives are mounted into /mnt path (by default)             ¦
    ¦ ? Your DISPLAY is set to 10.0.0.97:0.0                               ¦
    ¦ ? For more info, ctrl+click on help or visit our website.            ¦
    +----------------------------------------------------------------------+

kunix@DESKTOP-3LNCP2A:~$ ssh hudson.ka@login.discovery.neu.edu
hudson.ka@login.discovery.neu.edu's password:
Last login: Thu Mar 14 11:43:10 2024 from c-71-235-255-87.hsd1.ma.comcast.net
+-----------------------------------------------------------+
| You're now connected to the Discovery cluster. Visit our  |
| website http://rc.northeastern.edu/support for links to   |
| our service catalog, documentation, training, and consul- |
| tations. You can also email us at rchelp@northeastern.edu |
| to generate a help ticket.                                |
|                                                           |
| The Research Computing Team                               |
+-----------------------------------------------------------+

we believe connectivity to the datacenter to be nominal, as of
tuesday, 11 march 2024 at 1500ET.

thank you for your patience
&& happy computing !

[hudson.ka@login-00 ~]$ srun --pty /bin/bash
srun: job 41396924 queued and waiting for resources
srun: job 41396924 has been allocated resources
[hudson.ka@c0174 ~]$ module load bowtie/2.3.5.1
[hudson.ka@c0174 ~]$ module list
Currently Loaded Modulefiles:
  1) discovery/2021-10-06   2) bowtie/2.3.5.1
[hudson.ka@c0174 ~]$ cd /courses/BIOL3411.202430/students/hudson.ka/unit2/
[hudson.ka@c0174 unit2]$ ls
Day_data                  bowtie_lambda_phage_tutorial_20240221  fastq_work_wk6_20240221
MarineGenomics_week4_tut  fastq_work_wk6_20240214                unit2_intro_exercise_20240207
[hudson.ka@c0174 unit2]$ cd bowtie_lambda_phage_tutorial_20240221/
[hudson.ka@c0174 bowtie_lambda_phage_tutorial_20240221]$ ls
NC_001416.1_phage_lambda_sequence.1.bt2      bt2_home               reads_1.fq
NC_001416.1_phage_lambda_sequence.2.bt2      eg1.sam                reads_1_fastqc.html
NC_001416.1_phage_lambda_sequence.3.bt2      eg2.sam                reads_1_fastqc.zip
NC_001416.1_phage_lambda_sequence.4.bt2      eg3.sam                reads_2.fq
NC_001416.1_phage_lambda_sequence.fasta      longreads.fq           reads_2_fastqc.html
NC_001416.1_phage_lambda_sequence.rev.1.bt2  longreads_fastqc.html  reads_2_fastqc.zip
NC_001416.1_phage_lambda_sequence.rev.2.bt2  longreads_fastqc.zip
[hudson.ka@c0174 bowtie_lambda_phage_tutorial_20240221]$ module load samtools/1.10
[hudson.ka@c0174 bowtie_lambda_phage_tutorial_20240221]$ module load anaconda3/2022.5
anaconda3(4):ERROR:105: Unable to locate a modulefile for 'anaconda3/2022.5'
[hudson.ka@c0174 bowtie_lambda_phage_tutorial_20240221]$ module load anaconda3/2022.05
[hudson.ka@c0174 bowtie_lambda_phage_tutorial_20240221]$ module list
Currently Loaded Modulefiles:
  1) discovery/2021-10-06   3) samtools/1.10
  2) bowtie/2.3.5.1         4) anaconda3/2022.05
[hudson.ka@c0174 bowtie_lambda_phage_tutorial_20240221]$ source activate /courses/BIOL3411.202430/shared/bcftools_env
(/courses/BIOL3411.202430/shared/bcftools_env) [hudson.ka@c0174 bowtie_lambda_phage_tutorial_20240221]$ bowtie2 -x NC_001416.1_phage_lambda_sequence -1 reads_1.fq -2 reads_2.fq -S eg2.sam
perl: warning: Setting locale failed.
perl: warning: Please check that your locale settings:
        LANGUAGE = (unset),
        LC_ALL = (unset),
        LANG = "C.UTF-8"
    are supported and installed on your system.
perl: warning: Falling back to the standard locale ("C").
10000 reads; of these:
  10000 (100.00%) were paired; of these:
    834 (8.34%) aligned concordantly 0 times
    9166 (91.66%) aligned concordantly exactly 1 time
    0 (0.00%) aligned concordantly >1 times
    ----
    834 pairs aligned concordantly 0 times; of these:
      42 (5.04%) aligned discordantly 1 time
    ----
    792 pairs aligned 0 times concordantly or discordantly; of these:
      1584 mates make up the pairs; of these:
        1005 (63.45%) aligned 0 times
        579 (36.55%) aligned exactly 1 time
        0 (0.00%) aligned >1 times
94.97% overall alignment rate
(/courses/BIOL3411.202430/shared/bcftools_env) [hudson.ka@c0174 bowtie_lambda_phage_tutorial_20240221]$ ls
NC_001416.1_phage_lambda_sequence.1.bt2      bt2_home               reads_1.fq
NC_001416.1_phage_lambda_sequence.2.bt2      eg1.sam                reads_1_fastqc.html
NC_001416.1_phage_lambda_sequence.3.bt2      eg2.sam                reads_1_fastqc.zip
NC_001416.1_phage_lambda_sequence.4.bt2      eg3.sam                reads_2.fq
NC_001416.1_phage_lambda_sequence.fasta      longreads.fq           reads_2_fastqc.html
NC_001416.1_phage_lambda_sequence.rev.1.bt2  longreads_fastqc.html  reads_2_fastqc.zip
NC_001416.1_phage_lambda_sequence.rev.2.bt2  longreads_fastqc.zip
(/courses/BIOL3411.202430/shared/bcftools_env) [hudson.ka@c0174 bowtie_lambda_phage_tutorial_20240221]$ nano eg2.sam
(/courses/BIOL3411.202430/shared/bcftools_env) [hudson.ka@c0174 bowtie_lambda_phage_tutorial_20240221]$ samtools view -bS eg2.sam > eg2.bam
(/courses/BIOL3411.202430/shared/bcftools_env) [hudson.ka@c0174 bowtie_lambda_phage_tutorial_20240221]$ samtools sort eg2.bam -o eg2.sorted.bam
(/courses/BIOL3411.202430/shared/bcftools_env) [hudson.ka@c0174 bowtie_lambda_phage_tutorial_20240221]$ ls *.bam
eg2.bam  eg2.sorted.bam
(/courses/BIOL3411.202430/shared/bcftools_env) [hudson.ka@c0174 bowtie_lambda_phage_tutorial_20240221]$ nano eg2.sorted.bam
(/courses/BIOL3411.202430/shared/bcftools_env) [hudson.ka@c0174 bowtie_lambda_phage_tutorial_2024022(/courses/BIOL3411.202430/shared/bcftools_env) [hudson.ka@c0174 bowtie_lambda_phage_tutorial_20240221]$ bcftools mpileup -f NC_001416.1_phage_lambda_sequence.fasta eg2.sorted.bam | bcftools view -Ov - > eg2.raw.bcf
[mpileup] 1 samples in 1 input files
(/courses/BIOL3411.202430/shared/bcftools_env) [hudson.ka@c0174 bowtie_lambda_phage_tutorial_20240221]$ ls
NC_001416.1_phage_lambda_sequence.1.bt2      bt2_home        longreads_fastqc.html
NC_001416.1_phage_lambda_sequence.2.bt2      eg1.sam         longreads_fastqc.zip
NC_001416.1_phage_lambda_sequence.3.bt2      eg2.bam         reads_1.fq
NC_001416.1_phage_lambda_sequence.4.bt2      eg2.raw.bcf     reads_1_fastqc.html
NC_001416.1_phage_lambda_sequence.fasta      eg2.sam         reads_1_fastqc.zip
NC_001416.1_phage_lambda_sequence.fasta.fai  eg2.sorted.bam  reads_2.fq
NC_001416.1_phage_lambda_sequence.rev.1.bt2  eg3.sam         reads_2_fastqc.html
NC_001416.1_phage_lambda_sequence.rev.2.bt2  longreads.fq    reads_2_fastqc.zip
(/courses/BIOL3411.202430/shared/bcftools_env) [hudson.ka@c0174 bowtie_lambda_phage_tutorial_20240221]$ bcftools view eg2.raw.bcf
##fileformat=VCFv4.2
##FILTER=<ID=PASS,Description="All filters passed">
##bcftoolsVersion=1.6+htslib-1.6
##bcftoolsCommand=mpileup -f NC_001416.1_phage_lambda_sequence.fasta eg2.sorted.bam
##reference=file://NC_001416.1_phage_lambda_sequence.fasta
...
[OUTPUT REMOVED/ABBREVIATED FOR CONCICENESS OF DOCUMENT. SEE ORIGINAL FILE FOR FULL CONTENTS]
...
##bcftools_viewCommand=view -Ov -; Date=Thu Mar 14 12:36:03 2024
##bcftools_viewCommand=view eg2.raw.bcf; Date=Thu Mar 14 12:36:21 2024
#CHROM  POS     ID      REF     ALT     QUAL    FILTER  INFO    FORMAT  eg2.sorted.bam
NC_001416.1     1       .       G       <*>     0       .       DP=1;I16=0,0,0,0,0,0,0,0,0,0,0,0,0,0,0,0;QS=0,0;MQ0F=0      PL      0,0,0
NC_001416.1     2       .       G       <*>     0       .       DP=2;I16=0,0,0,0,0,0,0,0,0,0,0,0,0,0,0,0;QS=0,0;MQ0F=0      PL      0,0,0
...
[OUTPUT REMOVED/ABBREVIATED FOR CONCICENESS OF DOCUMENT. SEE ORIGINAL FILE FOR FULL CONTENTS]
...
NC_001416.1     48499   .       T       <*>     0       .       DP=2;I16=0,1,0,0,33,1089,0,0,42,1764,0,0,0,0,0,0;QS=1,0;MQ0F=0      PL      0,3,33
NC_001416.1     48500   .       A       <*>     0       .       DP=1;I16=0,0,0,0,0,0,0,0,0,0,0,0,0,0,0,0;QS=0,0;MQ0F=0      PL      0,0,0
NC_001416.1     48501   .       C       <*>     0       .       DP=1;I16=0,0,0,0,0,0,0,0,0,0,0,0,0,0,0,0;QS=0,0;MQ0F=0      PL      0,0,0
NC_001416.1     48502   .       G       <*>     0       .       DP=1;I16=0,0,0,0,0,0,0,0,0,0,0,0,0,0,0,0;QS=0,0;MQ0F=0      PL      0,0,0
(/courses/BIOL3411.202430/shared/bcftools_env) [hudson.ka@c0174 bowtie_lambda_phage_tutorial_20240221]$ nano eg2.raw.bcf
(/courses/BIOL3411.202430/shared/bcftools_env) [hudson.ka@c0174 bowtie_lambda_phage_tutorial_20240221]$
