    +----------------------------------------------------------------------+
    ¦                 • MobaXterm Personal Edition v23.6 •                 ¦
    ¦               (SSH client, X server and network tools)               ¦
    ¦                                                                      ¦
    ¦ ? Linux distribution: ?Default                                      ¦
    ¦ ? Windows drives are mounted into /mnt path (by default)             ¦
    ¦ ? Your DISPLAY is set to 10.0.0.97:0.0                               ¦
    ¦ ? For more info, ctrl+click on help or visit our website.            ¦
    +----------------------------------------------------------------------+

kunix@DESKTOP-3LNCP2A:~$ ssh hudson.ka@login.discovery.neu.edu
hudson.ka@login.discovery.neu.edu's password:
Last login: Fri Mar 15 08:59:03 2024 from c-71-235-255-87.hsd1.ma.comcast.net
+-----------------------------------------------------------+
| You're now connected to the Discovery cluster. Visit our  |
| website http://rc.northeastern.edu/support for links to   |
| our service catalog, documentation, training, and consul- |
| tations. You can also email us at rchelp@northeastern.edu |
| to generate a help ticket.                                |
|                                                           |
| The Research Computing Team                               |
+-----------------------------------------------------------+

we believe connectivity to the datacenter to be nominal, as of
tuesday, 11 march 2024 at 1500ET.

thank you for your patience
&& happy computing !

[hudson.ka@login-01 ~]$ srun --pty /bin/bash
srun: job 41413097 queued and waiting for resources
srun: job 41413097 has been allocated resources
[hudson.ka@c0170 ~]$ cd /courses/BIOL3411.202430/students/hudson.ka/unit2
[hudson.ka@c0170 unit2]$ ls
Day_data                               fastq_work_wk6_20240221
MarineGenomics_week4_tut               unit2_intro_exercise_20240207
bowtie_lambda_phage_tutorial_20240221  unit2_table_of_contents.txt
fastq_work_wk6_20240214
[hudson.ka@c0170 unit2]$ cd fastq_work_wk6_20240221
[hudson.ka@c0170 fastq_work_wk6_20240221]$ ls
41047987.error            SRR6805884.tiny.fastq.gz  test_unzipped
41047987.output           SRR6805885.tiny.fastq.gz  unzip.bash
41054030.error            bash_output               unzip_2.bash
41054030.output           fastqc_html_reports       unzip_3.bash
SRR6805880.tiny.fastq.gz  fastqc_zips               unzip_into_new_dir.bash
SRR6805881.tiny.fastq.gz  generate_qc_reports.bash  unzipped_fastq
SRR6805882.tiny.fastq.gz  scontrol_41047103.txt
SRR6805883.tiny.fastq.gz  scontrol_41047242.txt
[hudson.ka@c0170 fastq_work_wk6_20240221]$ nano generate_qc_reports.sh
...
[OUTPUT REMOVED/ABBREVIATED FOR CONCICENESS OF DOCUMENT. SEE ORIGINAL FILE FOR FULL CONTENTS]
...
[hudson.ka@c0170 fastq_work_wk6_20240221]$ ls
41047987.error            SRR6805884.tiny.fastq.gz  scontrol_41047242.txt
41047987.output           SRR6805885.tiny.fastq.gz  test_unzipped
41054030.error            bash_output               unzip.bash
41054030.output           fastqc_html_reports       unzip_2.bash
SRR6805880.tiny.fastq.gz  fastqc_zips               unzip_3.bash
SRR6805881.tiny.fastq.gz  generate_qc_reports.bash  unzip_into_new_dir.bash
SRR6805882.tiny.fastq.gz  generate_qc_reports.sh    unzipped_fastq
SRR6805883.tiny.fastq.gz  scontrol_41047103.txt
[hudson.ka@c0170 fastq_work_wk6_20240221]$ bash generate_qc_reports.sh
perl: warning: Setting locale failed.
perl: warning: Please check that your locale settings:
        LANGUAGE = (unset),
        LC_ALL = (unset),
        LANG = "C.UTF-8"
    are supported and installed on your system.
perl: warning: Falling back to the standard locale ("C").
Started analysis of SRR6805880.tiny.fastq.gz
Approx 100% complete for SRR6805880.tiny.fastq.gz
Analysis complete for SRR6805880.tiny.fastq.gz
Started analysis of SRR6805881.tiny.fastq.gz
Approx 100% complete for SRR6805881.tiny.fastq.gz
Analysis complete for SRR6805881.tiny.fastq.gz
Started analysis of SRR6805882.tiny.fastq.gz
Approx 100% complete for SRR6805882.tiny.fastq.gz
Analysis complete for SRR6805882.tiny.fastq.gz
Started analysis of SRR6805883.tiny.fastq.gz
Approx 100% complete for SRR6805883.tiny.fastq.gz
Analysis complete for SRR6805883.tiny.fastq.gz
Started analysis of SRR6805884.tiny.fastq.gz
Approx 100% complete for SRR6805884.tiny.fastq.gz
Analysis complete for SRR6805884.tiny.fastq.gz
Started analysis of SRR6805885.tiny.fastq.gz
Approx 100% complete for SRR6805885.tiny.fastq.gz
Analysis complete for SRR6805885.tiny.fastq.gz
Script finished. All qc reports generated!
[hudson.ka@c0170 fastq_work_wk6_20240221]$ ls
41047987.error              SRR6805885.tiny_fastqc.zip
41047987.output             bash_output
41054030.error              fastqc_html_reports
41054030.output             fastqc_zips
SRR6805880.tiny.fastq.gz    generate_qc_reports.bash
SRR6805880.tiny_fastqc.zip  generate_qc_reports.sh
SRR6805881.tiny.fastq.gz    html_qc_reports_sh_output
SRR6805881.tiny_fastqc.zip  scontrol_41047103.txt
SRR6805882.tiny.fastq.gz    scontrol_41047242.txt
SRR6805882.tiny_fastqc.zip  test_unzipped
SRR6805883.tiny.fastq.gz    unzip.bash
SRR6805883.tiny_fastqc.zip  unzip_2.bash
SRR6805884.tiny.fastq.gz    unzip_3.bash
SRR6805884.tiny_fastqc.zip  unzip_into_new_dir.bash
SRR6805885.tiny.fastq.gz    unzipped_fastq
[hudson.ka@c0170 fastq_work_wk6_20240221]$ mv *.tiny_fastqc.zip fastqc_zips_sh_otput
mv: target 'fastqc_zips_sh_output' is not a directory
[hudson.ka@c0170 fastq_work_wk6_20240221]$ mkdir fastqc_zips_sh_output
[hudson.ka@c0170 fastq_work_wk6_20240221]$ mv *.tiny_fastqc.zip fastqc_zips_sh_otput
[hudson.ka@c0170 fastq_work_wk6_20240221]$ ls
41047987.error            SRR6805885.tiny.fastq.gz   scontrol_41047242.txt
41047987.output           bash_output                test_unzipped
41054030.error            fastqc_html_reports        unzip.bash
41054030.output           fastqc_zips                unzip_2.bash
SRR6805880.tiny.fastq.gz  fastqc_zips_sh_output      unzip_3.bash
SRR6805881.tiny.fastq.gz  generate_qc_reports.bash   unzip_into_new_dir.bash
SRR6805882.tiny.fastq.gz  generate_qc_reports.sh     unzipped_fastq
SRR6805883.tiny.fastq.gz  html_qc_reports_sh_output
SRR6805884.tiny.fastq.gz  scontrol_41047103.txt
...
[OUTPUT REMOVED/ABBREVIATED FOR CONCICENESS OF DOCUMENT. SEE ORIGINAL FILE FOR FULL CONTENTS]
...
[hudson.ka@c0170 fastq_work_wk6_20240221]$ mv html_qc_reports_sh_output/ fastqc_tml_reports_sh_output
[hudson.ka@c0170 fastq_work_wk6_20240221]$ ls
41047987.error            SRR6805885.tiny.fastq.gz       scontrol_41047242.txt
41047987.output           bash_output                    test_unzipped
41054030.error            fastqc_html_reports            unzip.bash
41054030.output           fastqc_html_reports_sh_output  unzip_2.bash
SRR6805880.tiny.fastq.gz  fastqc_zips                    unzip_3.bash
SRR6805881.tiny.fastq.gz  fastqc_zips_sh_output          unzip_into_new_dir.bash
SRR6805882.tiny.fastq.gz  generate_qc_reports.bash       unzipped_fastq
SRR6805883.tiny.fastq.gz  generate_qc_reports.sh
SRR6805884.tiny.fastq.gz  scontrol_41047103.txt
[hudson.ka@c0170 fastq_work_wk6_20240221]$ ls -l
...
[OUTPUT REMOVED/ABBREVIATED FOR CONCICENESS OF DOCUMENT. SEE ORIGINAL FILE FOR FULL CONTENTS]
...
[hudson.ka@c0170 fastq_work_wk6_20240221]$ ls
41047987.error            SRR6805885.tiny.fastq.gz       scontrol_41047242.txt
41047987.output           bash_output                    test_unzipped
41054030.error            fastqc_html_reports            unzip.bash
41054030.output           fastqc_html_reports_sh_output  unzip_2.bash
SRR6805880.tiny.fastq.gz  fastqc_zips                    unzip_3.bash
SRR6805881.tiny.fastq.gz  fastqc_zips_sh_output          unzip_into_new_dir.bash
SRR6805882.tiny.fastq.gz  generate_qc_reports.bash       unzipped_fastq
SRR6805883.tiny.fastq.gz  generate_qc_reports.sh
SRR6805884.tiny.fastq.gz  scontrol_41047103.txt
[hudson.ka@c0170 fastq_work_wk6_20240221]$ nano generate_qc_reports.sh
[hudson.ka@c0170 fastq_work_wk6_20240221]$
