    +----------------------------------------------------------------------+
    ¦                 • MobaXterm Personal Edition v23.6 •                 ¦
    ¦               (SSH client, X server and network tools)               ¦
    ¦                                                                      ¦
    ¦ ? Linux distribution: ?Default                                      ¦
    ¦ ? Windows drives are mounted into /mnt path (by default)             ¦
    ¦ ? Your DISPLAY is set to 10.0.0.93:0.0                               ¦
    ¦ ? For more info, ctrl+click on help or visit our website.            ¦
    +----------------------------------------------------------------------+

Welcome to Ubuntu 22.04.3 LTS (GNU/Linux 5.15.146.1-microsoft-standard-WSL2 x86_64)

 * Documentation:  https://help.ubuntu.com
 * Management:     https://landscape.canonical.com
 * Support:        https://ubuntu.com/advantage

 * Strictly confined Kubernetes makes edge and IoT secure. Learn how MicroK8s
   just raised the bar for easy, resilient and secure K8s cluster deployment.

   https://ubuntu.com/engage/secure-kubernetes-at-the-edge

This message is shown once a day. To disable it please create the
/home/kunix/.hushlogin file.
kunix@DESKTOP-3LNCP2A:~$ ssh hudson.ka@login.discovery.neu.edu
hudson.ka@login.discovery.neu.edu's password:
Last login: Mon Feb 26 12:38:52 2024 from 71.192.104.83
+-----------------------------------------------------------+
| You're now connected to the Discovery cluster. Visit our  |
| website http://rc.northeastern.edu/support for links to   |
| our service catalog, documentation, training, and consul- |
| tations. You can also email us at rchelp@northeastern.edu |
| to generate a help ticket.                                |
|                                                           |
| The Research Computing Team                               |
+-----------------------------------------------------------+

We are still testing new hardware to resolve the intermittent
network connectivity issues. This latest test should happen
around 1230 today.

[hudson.ka@login-01 ~]$ srun --pty /bin/bash
srun: job 41361224 queued and waiting for resources
srun: job 41361224 has been allocated resources
[hudson.ka@c0177 ~]$ module avail R

----------------------------------------------------------------------- /shared/centos7/modulefiles ----
R/3.5.1 R/3.5.3 R/3.6.1 R/3.6.2 R/3.6.3 R/4.0.2 R/4.0.3 R/4.2.0
[hudson.ka@c0177 ~]$ module load R/4.2.0
[hudson.ka@c0177 ~]$ module avail

----------------------------------------------------------------------- /shared/centos7/modulefiles ----
AMDuProf/3.4.475                     ffmpeg/20190305                      last/1047
BINF6308/01-14-2022                  fftw/3.3.8(default)                  lean/3.4.2
DualSPHysics/4.4                     fftw/3.3.8-amd                       leptonica/1.78.0
EEMB1105/01-24-2020                  fftw/3.3.8-double                    libra/2019-07-07
EEMB1105/02-02-2021                  fftw/3.3.8-skylake                   librs/3.1.0
EXAMPLE/5.0                          fiesta/30Sep2018                     libtool/2.4.6
EXAMPLE/6.0                          freebayes/1.3.1                      libxc/4.2.3
EXAMPLE/null(default)                freebayes/1.3.4                      libxc/4.2.3-gcc-11.1
FastTree/2.1.11                      freesurfer/1.0                       lmp_rbc/2019-03-29
M2/2-1.11                            freesurfer/6.0.0                     lotterhos/2019-11-15
Meshroom/2019.2.0                    freesurfer/7.2.0                     lotterhos/2020-03-18
OpenFOAM/10                          freesurfer/7.3.2                     lotterhos/2020-07-21
OpenFOAM/11                          fsl/2019-01-11                       lotterhos/2020-08-24
OpenFOAM/6                           fsl/6.0.0                            lumerical/v221
OpenJDK/18.0.2.1                     fsl/6.0.3-cuda9.1                    lunzip/1.9
OpenJDK/19.0.1                       fsl/6.0.6.2                          make/4.2.1
R/3.5.1                              ga/5.7                               mathematica/12.0
R/3.5.3                              gamess/2017R1                        matlab/R2014a
R/3.6.1                              gamess/2018R1                        matlab/R2018a
R/3.6.2                              gamess/2020.1                        matlab/R2019a
R/3.6.3                              gamess/2020R1-AMD                    matlab/R2019b
R/4.0.2                              gamess/2020R1-Intel                  matlab/R2020a
R/4.0.3                              gamess/2023R1                        matlab/R2020b
R/4.2.0                              gamess/2023R1-sockets                matlab/R2021a(default)
SPatt/2.1                            gatk/4.1.4.0                         matlab/R2022a
Trinity/2.8.4                        gaussian/g16(default)                matlab/R2022b
VTK/8.1.2                            gaussian/g16-avx2-gpu                matlab/R2023a
VTK/9.2.6                            gaussian-B01/g16                     mawk/1.3.4-20190203
abaqus/2021                          gcc/10.1.0                           mcalibration/6.7.1
abyss/1.0                            gcc/11.1.0                           mcce/2024-01
abyss/2.1.5                          gcc/4.8.5                            mcr/v91
abyss/2.1.5-maxk192                  gcc/5.5.0                            meep/1.23.0
admin/2018-10-10                     gcc/6.4.0                            meep/1.23.0-python3.8
afni/18.3.16                         gcc/7.2.0                            megahit/1.2.8
afni/18.3.16a                        gcc/7.3.0                            mercury/2022.3.0
afni/21.3.06                         gcc/8.1.0                            miniconda2/2.7
amber/16-cpu                         gcc/9.2.0                            miniconda3/2020-04
amber/16-gpu                         gcta/1.92.4beta                      miniconda3/2020-09
amber/18                             gcta/1.93.0beta                      miniconda3/2020-11-skylake
amber/18-cpu                         gdal/3.0.1                           miniconda3/2021-02
amber/18-gpu                         gdc-client/1.5.0                     miniconda3/23.11.0
amber/18-mpi(default)                geomview/1.9.5                       miniconda3/23.5.2
amber/20-gpu                         geos/3.8.1                           miniconda3/3.7
amber/20-gpu-mpi                     gffcompare/0.11.5                    miniconda3/4.7.12
amber/20-mpi                         git/2.19.0                           miniconda3/pyrosetta-072020
amber/20-python-mpi                  glew/2.0.0                           minimap2/2.17
amber/22-gpu-mpi                     glew/2.1.0                           minimap2/2.26
anaconda2/2.7                        glibc/2.27                           molcas/18.09
anaconda2/2018.12                    gmp/6.1.2                            molcas/18.09-2
anaconda3/2018.12                    gnu-parallel/20210922                mongo/4.0.2
anaconda3/2019.10                    gnuplot/5.2.4                        mongo/4.2.8
anaconda3/2019.10-HPCtraining        gnuplot/5.2.7                        mono/5.18.0.240
anaconda3/2020.02                    go/1.13.3                            mopac/2016
anaconda3/2021.05(default)           go/1.14                              morphographx/1.0.1280
anaconda3/2021.07-TF                 go/1.15.2                            mpb/1.11.1
anaconda3/2021.11                    go/1.15.6                            mpb/1.11.1-python3.8
anaconda3/2022.01                    go/1.15.7                            mpc/1.1.0
anaconda3/2022.05                    go/1.15.8                            mpfr/4.0.1
anaconda3/3.6                        go/1.16                              mpfr/4.0.2
anaconda3/3.7                        go/1.17.4                            mpich/3.3.2(default)
anaconda3/3.7-cps                    go/1.18.6                            mpich/3.3.2-intel
anaconda3/L2020-03                   go/1.19                              mpich/3.3.2-skylake-gcc7.3
ansys/211                            go/1.19.1                            mpich/3.4.2-intel2021
ansys/221                            go/1.21.0                            mpich/4.0.1-intel2022
ants/2018-12-12                      gperf/3.1                            mvapich2/2.3.4-gcc7.3(default)
aocl/3.1                             grace/5.1.25                         mvapich2/2.3.4-intel2020
apbs/1.5                             graph-tool/2.27                      mvapich2/2.3.5-gcc4.8.5
atlas/3.10.3                         graph-tool/2.28                      mvapich2/2.3.6-gcc11.1
automake/1.15                        gromacs/2018.4-cpu                   mvapich2/2.3.6-intel2021
avogadro/1.2.0                       gromacs/2018.4-gpu                   mvapich2/2.3.7-intel2022
bamtools/2.5.1                       gromacs/2019.1                       mysql-connector-c++/1.1.9
bart/0.4.04                          gromacs/2020                         mysql-connector-c++/8.0.30
bart/0.5.00                          gromacs/2020.3-gpu-mpi               namd/2.12_vmd
bbmap/38.33                          gromacs/2022.3-mpi(default)          namd/2.13b2-cuda
bbmap/39.06                          gromacs/4.5.5-ls-5.0                 namd/2.14
bcl2fastq/1.0                        gromacs/5.1.4                        namd/2.14-mpi
bcl2fastq/2.20                       gsl/1.16                             namd/3.0a9-cuda
bedtools/2.29.0                      gsl/2.5                              nbo/6.0
berkeleygw/2.0.0                     gsnap/2021-12-17                     ncbi-blast+/2.13.0
berkeleygw/2.0.0.orig                guppy/3.3.0                          ncbi-blast+/2.9.0(default)
binf6309/01-14-2022                  guppy/6.1.7                          nccl/2.8.3-1-cuda10.2-gcc7.3
bismark/0.22.2                       gurobi/10.0.1                        nccl/2.8.3-1-cuda9.0
boost/1.63.0                         gurobi/7.5.2                         ncdu/1.17
boost/1.80.0                         gurobi/8.1.0                         netcdf/4.7.4-intel2020
boost/1.80.0-iostream                gurobi/9.0.2                         netcdf/4.7.4-skylake-gcc7.3
bowtie/1.3.0                         gurobi/9.1.1                         netcdf/4.8.1-intel2022
bowtie/2.3.5.1                       gurobi/9.5.0                         netlogo/6.2.2
bowtie/2.5.2                         gurobi/off-11.0.0                    neuron/develop
bwa/0.7.17                           hdf5/1.10.1                          nextflow/23.10.0
bzip2/1.0.8                          hdf5/1.12.0-gcc10.1-openmpi4.0.5     nextflow/23.10.1
canu/2.0                             hdf5/1.12.0-intel2020                nodejs/14.15.4
carma/1.7                            hdf5/1.12.0-intel2021.2              ns/3.30.1
cassandra/1.2                        hdf5/1.12.0-skylake-gcc7.3           nsight/2021.3.1
cassandra/1.2.2                      hdf5/1.12.1-intel2022                nwchem/6.8
cassandra/1.2.5                      hisat2/2.1.0                         nwchem/7.0.0
catdcd/4.0                           hisat2/2.2.0                         nwchem/7.0.2
cd-hit/4.8.1-2019-0228               hpc_sdk/2022-229                     openbabel/2.4.1
cgal/5.5.2                           hpl/2.3                              openblas/0.2.20
charm/6.10.1-intel2020u2             htop/2.0.2                           openblas/0.3.10-amd
chkrootkit/0.52                      idl/8.8                              openblas/0.3.10-skylake-gcc7.3
clang/10.0.1                         igv/2.8.13                           openblas/0.3.13-gcc10.1
clustalw/2.1                         intel/2019-4                         openblas/0.3.20-gcc11.1
cmake/3.10.0                         intel/2020                           openblas/0.3.5
cmake/3.13.1                         intel/2020.0.166                     openblas/0.3.6
cmake/3.18.1                         intel/2020.1.217                     opencv/3.1.0
cmake/3.23.2                         intel/2020.1.217-noMPI               opencv/3.4.3
cmake/3.27.9                         intel/2020.2.108                     opencv/3.4.3-contrib
cmdstan/2.18.0                       intel/2020.2.254                     openmpi/1.6.5-32bit
comsol/54                            intel/compiler-rt-2022.0.1           openmpi/2.0.4
comsol/55                            intel/compilers-2020u2(default)      openmpi/2.1.3
comsol/56                            intel/compilers-2021.1               openmpi/2.1.3-intel2019
comsol-jornet/55                     intel/compilers-2021.2.0             openmpi/3.0.2
comsol-jornet/56                     intel/compilers-2021.3.0             openmpi/3.1.1
comsol-west/55                       intel/compilers-2022.0.1             openmpi/3.1.2(default)
comsol-west/56                       intel/mkl-2020u2                     openmpi/3.1.2-intel
cp2k/7.1.0-gpu                       intel/mkl-2021.1                     openmpi/4.0.2
cp2k/7.1.0-new                       intel/mkl-2021.2.0                   openmpi/4.0.3-cuda
cp2k/9.1-zen2                        intel/mkl-2021.3.0                   openmpi/4.0.3-skylake-gcc7.3
cp2k/cp2k-6.1.0                      intel/mkl-2022.0.1                   openmpi/4.0.4-amd-intel2020u2
cp2k/cp2k-6.1.0-gpu                  intel/mpi-2020u2                     openmpi/4.0.5
cplex/12.10                          intel/mpi-2021.1.1                   openmpi/4.0.5-gcc10.1.0
cplex/12.8.0                         intel/mpi-2021.2.0                   openmpi/4.0.5-skylake-gcc10.1
cplex/20.1                           intel/mpi-2021.3.0                   openmpi/4.0.5-skylake-gcc7.3
cuda/10.0                            intel/mpi-2021.5.0                   openmpi/4.1.0-amd-intel2021
cuda/10.1                            intel/oclfpga-2022.0.1               openmpi/4.1.0-gcc10.1-cuda11.2
cuda/10.2                            intel/python-2020u2                  openmpi/4.1.0-zen2-gcc10.1
cuda/11.0(default)                   intel/python-daal4py-2020u2          openmpi/4.1.1-gcc11.1
cuda/11.1                            intel/python-daal4py-2021.1          openmpi/4.1.1-gcc6.4-cuda11.1
cuda/11.2                            intel/python-daal4py-2021.2.0        openmpi/4.1.2-gcc10.1
cuda/11.3                            intel/python-daal4py-2021.3.0        openmpi/4.1.2-gcc11.1
cuda/11.4                            intel/python-daal4py-2022.1.0        openmpi/4.1.4-gcc10.1-cuda11.4
cuda/11.7                            intel/tbb-2021.1.1                   opensees/3.0.0-mp
cuda/11.8                            intel/tbb-2021.2.0                   opensees/3.0.2
cuda/12.1                            intel/tbb-2021.3.0                   opensees/3.2.0
cuda/9.0                             intel/tbb-2021.5.0                   opensees/3.4.0-mp
cuda/9.1                             intel/vtune-2021.2.0                 oracle_java/jdk1.8.0_181
cuda/9.2                             intel-oneapi/2021.1_u9               orca/4.0.1
delft3d/65936-intel2021-mpich3.4.2   intel_mpi/2018u5                     ovito/2.9.0
delft3dfm/67088-intel2021            iperf/3.7                            ovito/3.0.0-dev234
dftb+/18.2                           isl/0.21                             p7zip/16.02
discovery/2018-01-01                 jellyfish/1.1.12                     parallel/20200722
discovery/2018-07-27                 jellyfish/2.2.10                     pdb2pqr/2.1.1
discovery/2019-02-21                 jq/1.6                               percolator/3.06
discovery/2021-10-06                 json-c/0.15                          perl/5.30.1
dmtcp/2.5.2                          julia/1.1.1                          perl/5.30.2
dmtcp/2.6.0                          julia/1.5.3                          petsc/3.13.0-gcc7.3.0-skylake
dot/1.0                              julia/1.6.0                          petsc/3.13.0-intel2020
dotnet/2.1.23                        julia/1.7.3                          pgi/2019-1910
dotnet/3.1.10                        julia/1.8.5                          plink/1.07
dramms/1.5.1                         k-SLAM/2018-11-15                    plink2/2023-04-19
drive/0.3.9.1                        k-SLAM/2018-11-18                    plink2/null(default)
eigen/3.3.5                          knime/knime_4.2.0                    plumed/2.6.1-skylake
emacs/24.3                           knime/knime_4.5.2                    primesieve/5.7.3
eman2/2.91                           lammps/17Nov2016                     primesieve/7.3
emboss/6.6.0                         lammps/29Sep2021_u2-gpu-mpi          proj/6.0.0
fastqc/0.11.8                        lammps/29Sep2021_u2-mpi              proj/6.2.0
fastqc/0.11.9                        lammps/3Mar2020-gpu-mpi              protobuf/3.6.1
[hudson.ka@c0177 ~]$ module list
Currently Loaded Modulefiles:
  1) discovery/2021-10-06   2) R/4.2.0
[hudson.ka@c0177 ~]$ R

R version 4.2.0 (2022-04-22) -- "Vigorous Calisthenics"
Copyright (C) 2022 The R Foundation for Statistical Computing
Platform: x86_64-pc-linux-gnu (64-bit)

R is free software and comes with ABSOLUTELY NO WARRANTY.
You are welcome to redistribute it under certain conditions.
Type 'license()' or 'licence()' for distribution details.

R is a collaborative project with many contributors.
Type 'contributors()' for more information and
'citation()' on how to cite R or R packages in publications.

Type 'demo()' for some demos, 'help()' for on-line help, or
'help.start()' for an HTML browser interface to help.
Type 'q()' to quit R.

During startup - Warning messages:
1: Setting LC_CTYPE failed, using "C"
2: Setting LC_COLLATE failed, using "C"
3: Setting LC_TIME failed, using "C"
4: Setting LC_MESSAGES failed, using "C"
5: Setting LC_MONETARY failed, using "C"
6: Setting LC_PAPER failed, using "C"
7: Setting LC_MEASUREMENT failed, using "C"
> 1+1
[1] 2
> 12 / 4
[1] 3
> 12 * 3
[1] 36
> 12 ^ 3
[1] 1728
> sqrt(16)
[1] 4
> var <- 12
> var
[1] 12
> my_str <- "Hello World!"
> my_name <- "My name is Kayla."
> my_str + my_name
Error in my_str + my_name : non-numeric argument to binary operator
> my_str & my_name
Error in my_str & my_name :
  operations are possible only for numeric, logical or complex types
> n <- 1:50
> n
 [1]  1  2  3  4  5  6  7  8  9 10 11 12 13 14 15 16 17 18 19 20 21 22 23 2                             4 25
[26] 26 27 28 29 30 31 32 33 34 35 36 37 38 39 40 41 42 43 44 45 46 47 48 4                             9 50
> n * 0.5
 [1]  0.5  1.0  1.5  2.0  2.5  3.0  3.5  4.0  4.5  5.0  5.5  6.0  6.5  7.0                               7.5
[16]  8.0  8.5  9.0  9.5 10.0 10.5 11.0 11.5 12.0 12.5 13.0 13.5 14.0 14.5                              15.0
[31] 15.5 16.0 16.5 17.0 17.5 18.0 18.5 19.0 19.5 20.0 20.5 21.0 21.5 22.0                              22.5
[46] 23.0 23.5 24.0 24.5 25.0
> animals <- c("dog", "cat", "duck", "owl")
> animals
[1] "dog"  "cat"  "duck" "owl"
> summary(n)
   Min. 1st Qu.  Median    Mean 3rd Qu.    Max.
   1.00   13.25   25.50   25.50   37.75   50.00
> length(n)
[1] 50
> n[1:25]
 [1]  1  2  3  4  5  6  7  8  9 10 11 12 13 14 15 16 17 18 19 20 21 22 23 2                             4 25
> dtype(n)
Error in dtype(n) : could not find function "dtype"
> type(n)
Error in type(n) : could not find function "type"
> mean(n)
[1] 25.5
> sum(n[1:25])
[1] 325
> sum(n)
[1] 1275
> ls()
[1] "animals" "my_name" "my_str"  "n"       "var"
> objects()
[1] "animals" "my_name" "my_str"  "n"       "var"
> q()
Save workspace image? [y/n/c]: n
[hudson.ka@c0177 ~]$ pwd
/home/hudson.ka
[hudson.ka@c0177 ~]$ cd /courses/BIOL3411.202430/students/hudson.ka/
[hudson.ka@c0177 hudson.ka]$ ls
trash  unit1  unit2
[hudson.ka@c0177 hudson.ka]$ mkdir unit3
[hudson.ka@c0177 hudson.ka]$ ls
trash  unit1  unit2  unit3
[hudson.ka@c0177 hudson.ka]$ cd unit3
[hudson.ka@c0177 unit3]$ ls
[hudson.ka@c0177 unit3]$ wget https://raw.githubusercontent.com/BayLab/Mari                             neGenomicsData/main/week5_semester.tar.gz
--2024-03-11 15:26:50--  https://raw.githubusercontent.com/BayLab/MarineGen                             omicsData/main/week5_semester.tar.gz
Connecting to 10.99.0.130:3128... connected.
Proxy request sent, awaiting response... 200 OK
Length: 3900 (3.8K) [application/octet-stream]
Saving to: 'week5_semester.tar.gz'

100%[=================================>] 3,900       --.-K/s   in 0s

2024-03-11 15:26:50 (31.3 MB/s) - 'week5_semester.tar.gz' saved [3900/3900]

[hudson.ka@c0177 unit3]$ tar -xzvf week5_semester.tar.gz
MarineGenomics/week5/
MarineGenomics/week5/Exercise_1.1_Basics.R
MarineGenomics/week5/Exercise_1.2_Dataframes.R
MarineGenomics/week5/Exercise_1.3_Subsetting.R
MarineGenomics/week5/R_Day_1_Lesson.R
[hudson.ka@c0177 unit3]$ ls
MarineGenomics  week5_semester.tar.gz
[hudson.ka@c0177 unit3]$ cd MarineGenomics/
[hudson.ka@c0177 MarineGenomics]$ ls
week5
[hudson.ka@c0177 MarineGenomics]$ cd week5/
[hudson.ka@c0177 week5]$ ls
Exercise_1.1_Basics.R      Exercise_1.3_Subsetting.R
Exercise_1.2_Dataframes.R  R_Day_1_Lesson.R
[hudson.ka@c0177 week5]$ ls -l
total 10
-rwxrwx---+ 1 hudson.ka BIOL3411.202430-staff  936 Apr 17  2021 Exercise_1.                             1_Basics.R
-rwxrwx---+ 1 hudson.ka BIOL3411.202430-staff 1529 Apr 17  2021 Exercise_1.                             2_Dataframes.R
-rwxrwx---+ 1 hudson.ka BIOL3411.202430-staff 1538 Apr 17  2021 Exercise_1.                             3_Subsetting.R
-rwxrwx---+ 1 hudson.ka BIOL3411.202430-staff 5332 Apr 19  2021 R_Day_1_Les                             son.R
[hudson.ka@c0177 week5]$ cd Exercise_1.1_Basics.R
bash: cd: Exercise_1.1_Basics.R: Not a directory
[hudson.ka@c0177 week5]$ nano Exercise_1.1_Basics.R
[hudson.ka@c0177 week5]$ R

R version 4.2.0 (2022-04-22) -- "Vigorous Calisthenics"
Copyright (C) 2022 The R Foundation for Statistical Computing
Platform: x86_64-pc-linux-gnu (64-bit)

R is free software and comes with ABSOLUTELY NO WARRANTY.
You are welcome to redistribute it under certain conditions.
Type 'license()' or 'licence()' for distribution details.

R is a collaborative project with many contributors.
Type 'contributors()' for more information and
'citation()' on how to cite R or R packages in publications.

Type 'demo()' for some demos, 'help()' for on-line help, or
'help.start()' for an HTML browser interface to help.
Type 'q()' to quit R.

During startup - Warning messages:
1: Setting LC_CTYPE failed, using "C"
2: Setting LC_COLLATE failed, using "C"
3: Setting LC_TIME failed, using "C"
4: Setting LC_MESSAGES failed, using "C"
5: Setting LC_MONETARY failed, using "C"
6: Setting LC_PAPER failed, using "C"
7: Setting LC_MEASUREMENT failed, using "C"
> 15 + 75
[1] 90
> x <- c(2, 9, 3, 8, 3)
> x * 10
[1] 20 90 30 80 30
> y <- x * 10
> y
[1] 20 90 30 80 30
> x - y
[1] -18 -81 -27 -72 -27
> y - x
[1] 18 81 27 72 27
> help(ls())
Error in help(ls()) :
  'topic' should be a name, length-one character vector or reserved word
> help(ls)
> help(rm)
> help(sorted)
No documentation for 'sorted' in specified packages and libraries:
you could try '??sorted'
> ??sorted
> q()
Save workspace image? [y/n/c]: n
[hudson.ka@c0177 week5]$ pwd
/courses/BIOL3411.202430/students/hudson.ka/unit3/MarineGenomics/week5
[hudson.ka@c0177 week5]$ cd ../../..
[hudson.ka@c0177 hudson.ka]$ pwd
/courses/BIOL3411.202430/students/hudson.ka
[hudson.ka@c0177 hudson.ka]$ cd unit3
[hudson.ka@c0177 unit3]$ ls
MarineGenomics  week5_semester.tar.gz
[hudson.ka@c0177 unit3]$ mkdir intro_R
[hudson.ka@c0177 unit3]$ pwd
/courses/BIOL3411.202430/students/hudson.ka/unit3
[hudson.ka@c0177 unit3]$ cd intro_R/
[hudson.ka@c0177 intro_R]$ pwd
/courses/BIOL3411.202430/students/hudson.ka/unit3/intro_R
[hudson.ka@c0177 intro_R]$ R

R version 4.2.0 (2022-04-22) -- "Vigorous Calisthenics"
Copyright (C) 2022 The R Foundation for Statistical Computing
Platform: x86_64-pc-linux-gnu (64-bit)

R is free software and comes with ABSOLUTELY NO WARRANTY.
You are welcome to redistribute it under certain conditions.
Type 'license()' or 'licence()' for distribution details.

R is a collaborative project with many contributors.
Type 'contributors()' for more information and
'citation()' on how to cite R or R packages in publications.

Type 'demo()' for some demos, 'help()' for on-line help, or
'help.start()' for an HTML browser interface to help.
Type 'q()' to quit R.

During startup - Warning messages:
1: Setting LC_CTYPE failed, using "C"
2: Setting LC_COLLATE failed, using "C"
3: Setting LC_TIME failed, using "C"
4: Setting LC_MESSAGES failed, using "C"
5: Setting LC_MONETARY failed, using "C"
6: Setting LC_PAPER failed, using "C"
7: Setting LC_MEASUREMENT failed, using "C"
> setwd("/courses/BIOL3411.202430/students/hudson.ka/unit3/intro_R/")
> download.file("https://raw.githubusercontent.com/ucdavis-bioinformatics-t                             trying URL 'https://raw.githubusercontent.com/ucdavis-bioinformatics-traini                             ng/2022_February_Introduction_to_R_for_Bioinformatics/main/birthweight.csv'
Content type 'text/plain; charset=utf-8' length 3402 bytes
==================================================
downloaded 3402 bytes

> birthweight <- read.csv("birthweight.csv")
> write.csv(birthweight, file = "new_birthweight.csv")
> ls
function (name, pos = -1L, envir = as.environment(pos), all.names = FALSE,
    pattern, sorted = TRUE)
{
    if (!missing(name)) {
        pos <- tryCatch(name, error = function(e) e)
        if (inherits(pos, "error")) {
            name <- substitute(name)
            if (!is.character(name))
                name <- deparse(name)
            warning(gettextf("%s converted to character string",
                sQuote(name)), domain = NA)
            pos <- name
        }
    }
    all.names <- .Internal(ls(envir, all.names, sorted))
    if (!missing(pattern)) {
        if ((ll <- length(grep("[", pattern, fixed = TRUE))) &&
            ll != length(grep("]", pattern, fixed = TRUE))) {
            if (pattern == "[") {
                pattern <- "\\["
                warning("replaced regular expression pattern '[' by  '\\\\[                             '")
            }
            else if (length(grep("[^\\\\]\\[<-", pattern))) {
                pattern <- sub("\\[<-", "\\\\\\[<-", pattern)
                warning("replaced '[<-' by '\\\\[<-' in regular expression                              pattern")
            }
        }
        grep(pattern, all.names, value = TRUE)
    }
    else all.names
}
<bytecode: 0x1de40d0>
<environment: namespace:base>
> head(birthweight)
    ID birth.date    location length birthweight head.circumference
1 1107  1/25/1967     General     52        3.23                 36
2  697   2/6/1967 Silver Hill     48        3.03                 35
3 1683  2/14/1967 Silver Hill     53        3.35                 33
4   27   3/9/1967 Silver Hill     53        3.55                 37
5 1522  3/13/1967    Memorial     50        2.74                 33
6  569  3/23/1967    Memorial     50        2.51                 35
  weeks.gestation smoker maternal.age maternal.cigarettes maternal.height
1              38     no           31                   0             164
2              39     no           27                   0             162
3              41     no           27                   0             164
4              41    yes           37                  25             161
5              39    yes           21                  17             156
6              39    yes           22                   7             159
  maternal.prepregnant.weight paternal.age paternal.education
1                          57           NA                 NA
2                          62           27                 14
3                          62           37                 14
4                          66           46                 NA
5                          53           24                 12
6                          52           23                 14
  paternal.cigarettes paternal.height low.birthweight geriatric.pregnancy
1                  NA              NA               0               FALSE
2                   0             178               0               FALSE
3                   0             170               0               FALSE
4                   0             175               0                TRUE
5                   7             179               0               FALSE
6                  25              NA               1               FALSE
> ls()
[1] "birthweight"
> objects()
[1] "birthweight"
> class(birthweight)
[1] "data.frame"
> dim(birthweight)
[1] 42 18
> birthweight$birthweight
 [1] 3.23 3.03 3.35 3.55 2.74 2.51 3.53 2.92 3.18 3.00 3.42 2.75 3.19 2.78                              4.32
[16] 3.64 3.77 3.32 3.41 4.57 3.63 2.66 3.86 3.11 3.93 4.55 3.14 2.37 3.15                              3.20
[31] 4.10 2.05 3.27 3.32 3.94 3.65 1.92 2.65 2.90 3.59 3.87 4.07
> mean(birthweight$birthweight)
[1] 3.312857
> birthweight[["birthweight"]]
 [1] 3.23 3.03 3.35 3.55 2.74 2.51 3.53 2.92 3.18 3.00 3.42 2.75 3.19 2.78                              4.32
[16] 3.64 3.77 3.32 3.41 4.57 3.63 2.66 3.86 3.11 3.93 4.55 3.14 2.37 3.15                              3.20
[31] 4.10 2.05 3.27 3.32 3.94 3.65 1.92 2.65 2.90 3.59 3.87 4.07
> mean(birthweight[["birthweight"]])
[1] 3.312857
> colnames(birthweight)
 [1] "ID"                          "birth.date"
 [3] "location"                    "length"
 [5] "birthweight"                 "head.circumference"
 [7] "weeks.gestation"             "smoker"
 [9] "maternal.age"                "maternal.cigarettes"
[11] "maternal.height"             "maternal.prepregnant.weight"
[13] "paternal.age"                "paternal.education"
[15] "paternal.cigarettes"         "paternal.height"
[17] "low.birthweight"             "geriatric.pregnancy"
> birthweight[[5]]
 [1] 3.23 3.03 3.35 3.55 2.74 2.51 3.53 2.92 3.18 3.00 3.42 2.75 3.19 2.78                              4.32
[16] 3.64 3.77 3.32 3.41 4.57 3.63 2.66 3.86 3.11 3.93 4.55 3.14 2.37 3.15                              3.20
[31] 4.10 2.05 3.27 3.32 3.94 3.65 1.92 2.65 2.90 3.59 3.87 4.07
> mean(birthweight[[5]])
[1] 3.312857
> birthweight$5
Error: unexpected numeric constant in "birthweight$5"
> birthweight[5]
   birthweight
1         3.23
2         3.03
3         3.35
4         3.55
5         2.74
6         2.51
7         3.53
8         2.92
9         3.18
10        3.00
11        3.42
12        2.75
13        3.19
14        2.78
15        4.32
16        3.64
17        3.77
18        3.32
19        3.41
20        4.57
21        3.63
22        2.66
23        3.86
24        3.11
25        3.93
26        4.55
27        3.14
28        2.37
29        3.15
30        3.20
31        4.10
32        2.05
33        3.27
34        3.32
35        3.94
36        3.65
37        1.92
38        2.65
39        2.90
40        3.59
41        3.87
42        4.07
> class(birthweight[[5]])
[1] "numeric"
> birthweight[c(1,5)[
+
+
+ ]
+
>
> birthweight[c(1,5)]
     ID birthweight
1  1107        3.23
2   697        3.03
3  1683        3.35
4    27        3.55
5  1522        2.74
6   569        2.51
7   365        3.53
8   808        2.92
9  1369        3.18
10 1023        3.00
11  822        3.42
12 1272        2.75
13 1262        3.19
14  575        2.78
15 1016        4.32
16  792        3.64
17  820        3.77
18  752        3.32
19  619        3.41
20 1764        4.57
21 1081        3.63
22  516        2.66
23  272        3.86
24  321        3.11
25 1636        3.93
26 1360        4.55
27 1388        3.14
28 1363        2.37
29 1058        3.15
30  755        3.20
31  462        4.10
32  300        2.05
33 1088        3.27
34   57        3.32
35  553        3.94
36 1191        3.65
37  431        1.92
38 1313        2.65
39 1600        2.90
40  532        3.59
41  223        3.87
42 1187        4.07
> birthweight[1, 5]
[1] 3.23
> birthweight[c(2, 7, 9), ]
    ID birth.date    location length birthweight head.circumference
2  697   2/6/1967 Silver Hill     48        3.03                 35
7  365  4/23/1967    Memorial     52        3.53                 37
9 1369   6/4/1967 Silver Hill     49        3.18                 34
  weeks.gestation smoker maternal.age maternal.cigarettes maternal.height
2              39     no           27                   0             162
7              40    yes           26                  25             170
9              38    yes           31                  25             162
  maternal.prepregnant.weight paternal.age paternal.education
2                          62           27                 14
7                          62           30                 10
9                          57           32                 16
  paternal.cigarettes paternal.height low.birthweight geriatric.pregnancy
2                   0             178               0               FALSE
7                  25             181               0               FALSE
9                  50             194               0               FALSE
> birthweight[c(2, 7, 9), c(1:4)]
    ID birth.date    location length
2  697   2/6/1967 Silver Hill     48
7  365  4/23/1967    Memorial     52
9 1369   6/4/1967 Silver Hill     49
> birthweight[c(1, 3, 5:13), -c(4:16)]
     ID birth.date    location low.birthweight geriatric.pregnancy
1  1107  1/25/1967     General               0               FALSE
3  1683  2/14/1967 Silver Hill               0               FALSE
5  1522  3/13/1967    Memorial               0               FALSE
6   569  3/23/1967    Memorial               1               FALSE
7   365  4/23/1967    Memorial               0               FALSE
8   808   5/5/1967 Silver Hill               0               FALSE
9  1369   6/4/1967 Silver Hill               0               FALSE
10 1023   6/7/1967    Memorial               0               FALSE
11  822  6/14/1967    Memorial               0               FALSE
12 1272  6/20/1967    Memorial               0                TRUE
13 1262  6/25/1967 Silver Hill               0               FALSE
> birthweight(c("maternal.cigarettes", "birthweight")]
Error: unexpected ']' in "birthweight(c("maternal.cigarettes", "birthweight                             ")]"
> birthweight[c("maternal.cigarettes", "birthweight")]
   maternal.cigarettes birthweight
1                    0        3.23
2                    0        3.03
3                    0        3.35
4                   25        3.55
5                   17        2.74
6                    7        2.51
7                   25        3.53
8                    0        2.92
9                   25        3.18
10                  12        3.00
11                   0        3.42
12                  50        2.75
13                  35        3.19
14                   7        2.78
15                   0        4.32
16                   2        3.64
17                   0        3.77
18                  12        3.32
19                  25        3.41
20                  12        4.57
21                   0        3.63
22                  35        2.66
23                  25        3.86
24                   0        3.11
25                   0        3.93
26                   0        4.55
27                   7        3.14
28                   7        2.37
29                   0        3.15
30                   0        3.20
31                   0        4.10
32                   7        2.05
33                   0        3.27
34                  17        3.32
35                   0        3.94
36                   0        3.65
37                   7        1.92
38                   0        2.65
39                   0        2.90
40                  12        3.59
41                  25        3.87
42                   0        4.07
> birthweight[c(1,3,5:13), c(TRUE, TRUE, TRUE, TRUE, TRUE, TRUE, TRUE, TRUE                                  ID birth.date    location length birthweight head.circumference
1  1107  1/25/1967     General     52        3.23                 36
3  1683  2/14/1967 Silver Hill     53        3.35                 33
5  1522  3/13/1967    Memorial     50        2.74                 33
6   569  3/23/1967    Memorial     50        2.51                 35
7   365  4/23/1967    Memorial     52        3.53                 37
8   808   5/5/1967 Silver Hill     48        2.92                 33
9  1369   6/4/1967 Silver Hill     49        3.18                 34
10 1023   6/7/1967    Memorial     52        3.00                 35
11  822  6/14/1967    Memorial     50        3.42                 35
12 1272  6/20/1967    Memorial     53        2.75                 32
13 1262  6/25/1967 Silver Hill     53        3.19                 34
   weeks.gestation smoker maternal.age maternal.cigarettes maternal.height
1               38     no           31                   0             164
3               41     no           27                   0             164
5               39    yes           21                  17             156
6               39    yes           22                   7             159
7               40    yes           26                  25             170
8               34     no           26                   0             167
9               38    yes           31                  25             162
10              38    yes           30                  12             165
11              38     no           20                   0             157
12              40    yes           37                  50             168
13              41    yes           27                  35             163
   maternal.prepregnant.weight low.birthweight geriatric.pregnancy
1                           57               0               FALSE
3                           62               0               FALSE
5                           53               0               FALSE
6                           52               1               FALSE
7                           62               0               FALSE
8                           64               0               FALSE
9                           57               0               FALSE
10                          64               0               FALSE
11                          48               0               FALSE
12                          61               0                TRUE
13                          51               0               FALSE
> birthweight$length
 [1] 52 48 53 53 50 50 52 48 49 52 50 53 53 50 53 53 52 49 52 58 54 47 52 4                             8 51
[26] 56 51 48 53 53 58 46 51 51 54 53 48 43 53 53 50 53
> birthweight$length < 50
 [1] FALSE  TRUE FALSE FALSE FALSE FALSE FALSE  TRUE  TRUE FALSE FALSE FALS                             E
[13] FALSE FALSE FALSE FALSE FALSE  TRUE FALSE FALSE FALSE  TRUE FALSE  TRU                             E
[25] FALSE FALSE FALSE  TRUE FALSE FALSE FALSE  TRUE FALSE FALSE FALSE FALS                             E
[37]  TRUE  TRUE FALSE FALSE FALSE FALSE
> birthweight[birthweight$leng
birthweight[birthweight$leng
> birthweight[birthweight$length < 50, c(1, 4:12, 17, 18)]
     ID length birthweight head.circumference weeks.gestation smoker
2   697     48        3.03                 35              39     no
8   808     48        2.92                 33              34     no
9  1369     49        3.18                 34              38    yes
18  752     49        3.32                 36              40    yes
22  516     47        2.66                 33              35    yes
24  321     48        3.11                 33              37     no
28 1363     48        2.37                 30              37    yes
32  300     46        2.05                 32              35    yes
37  431     48        1.92                 30              33    yes
38 1313     43        2.65                 32              33     no
   maternal.age maternal.cigarettes maternal.height maternal.prepregnant.we                             ight
2            27                   0             162                                                       62
8            26                   0             167                                                       64
9            31                  25             162                                                       57
18           27                  12             152                                                       48
22           20                  35             170                                                       57
24           28                   0             158                                                       54
28           20                   7             163                                                       47
32           41                   7             166                                                       57
37           20                   7             161                                                       50
38           24                   0             149                                                       45
   low.birthweight geriatric.pregnancy
2                0               FALSE
8                0               FALSE
9                0               FALSE
18               0               FALSE
22               1               FALSE
24               0               FALSE
28               1               FALSE
32               1                TRUE
37               1               FALSE
38               1               FALSE
> birthweight$length[1]
[1] 52
> birthweight$length[c(1:5)]
[1] 52 48 53 53 50
> calc_range <- max(birthweight$paternal.age) - min(birthweight$pat                                     > calc_range <- max(birthweight$paternal.age) - min(birthweight$paternal.age)
> calc_range
[1] NA
> birthweight$paternal.age
 [1] NA 27 37 46 24 23 30 25 32 38 22 31 31 20 19 24 31 37 23 38 2                                      0 23 40 39 NA
[26] 23 24 20 30 25 31 37 29 NA 30 21 20 26 NA 41 30 26
> filtered_pat_age <- birthweight$paternal.age[-c(1, 25, 34, 39)]
> filtered_pat_age
 [1] 27 37 46 24 23 30 25 32 38 22 31 31 20 19 24 31 37 23 38 20 2                                      3 40 39 23 24
[26] 20 30 25 31 37 29 30 21 20 26 41 30 26
> calc_range <- max(filtered_pat_age) - min(filtered_pat_age)
> calc_range
[1] 27
> birthweight$maternal.age
 [1] 31 27 27 37 21 22 26 26 31 30 20 37 27 19 19 20 24 27 23 32 1                                      8 20 30 28 29
[26] 20 22 20 29 21 35 41 24 23 24 21 20 24 19 31 28 20
> mean_mat_age <- mean(birthweight$maternal.age)
> mean_mat_age
[1] 25.54762
> max(birthweight$maternal.cigarettes)
[1] 50
> sorted(birthweight$maternal.cigarettes)
Error in sorted(birthweight$maternal.cigarettes) :
  could not find function "sorted"
> rownames(max(birthweight$maternal.cigarettes))
NULL
> rownames()
Error in rownames() : argument "x" is missing, with no default
> mat_age_high_cig <- birthweight[birthweight$maternal.cigarettes                                       > mat_age_high_cig
     ID birth.date location length birthweight head.circumference
12 1272  6/20/1967 Memorial     53        2.75                 32
   weeks.gestation smoker maternal.age maternal.cigarettes maternal.height
12              40    yes           37                  50             168
   maternal.prepregnant.weight paternal.age paternal.education
12                          61           31                 16
   paternal.cigarettes paternal.height low.birthweight geriatric.pregnancy
12                   0             173               0                TRUE
> mat_age_high_cig <- birthweight[birthweight$maternal.cigarettes >= 50, maternal.age]
Error in `[.data.frame`(birthweight, birthweight$maternal.cigarettes >=  :
  object 'maternal.age' not found
> mat_age_high_cig <- birthweight[birthweight$maternal.cigarettes                                       > mat_age_high_cig
[1] 31
> mat_age_high_cig <- birthweight[birthweight$maternal.cigarettes >= 50, 13]
> mat_age_high_cig
[1] 31
> min(birthweight$paternal.age)
[1] NA
> mat_age_high_cig <- birthweight[birthweight$maternal.cigarettes >= 50, 11]
> mat_age_high_cig
[1] 168
> mat_age_high_cig <- birthweight[birthweight$maternal.cigarettes >= 50, 9]
> mat_age_high_cig
[1] 37
>
